---
source: src/page.rs
expression: item
---
- U32: 30
